[debug] [2026-06-24T18:20:10.470Z] ----------------------------------------------------------------------
[debug] [2026-06-24T18:20:10.494Z] Command:       D:\nodejs\node.exe C:\Users\HP\AppData\Roaming\npm\node_modules\firebase-tools\lib\bin\firebase.js init
[debug] [2026-06-24T18:20:10.495Z] CLI Version:   13.29.3
[debug] [2026-06-24T18:20:10.496Z] Platform:      win32
[debug] [2026-06-24T18:20:10.496Z] Node Version:  v24.13.1
[debug] [2026-06-24T18:20:10.496Z] Time:          Wed Jun 24 2026 23:50:10 GMT+0530 (India Standard Time)
[debug] [2026-06-24T18:20:10.497Z] ----------------------------------------------------------------------
[debug] 
[debug] [2026-06-24T18:20:10.548Z] >>> [apiv2][query] GET https://firebase-public.firebaseio.com/cli.json [none]
[debug] [2026-06-24T18:20:11.103Z] > command requires scopes: ["email","openid","https://www.googleapis.com/auth/cloudplatformprojects.readonly","https://www.googleapis.com/auth/firebase","https://www.googleapis.com/auth/cloud-platform"]
[debug] [2026-06-24T18:20:11.105Z] > authorizing via signed-in user (rajibul.hossainforschool@gmail.com)
[info] 
     ######## #### ########  ######## ########     ###     ######  ########
     ##        ##  ##     ## ##       ##     ##  ##   ##  ##       ##
     ######    ##  ########  ######   ########  #########  ######  ######
     ##        ##  ##    ##  ##       ##     ## ##     ##       ## ##
     ##       #### ##     ## ######## ########  ##     ##  ######  ########

You're about to initialize a Firebase project in this directory:

  D:\Local Disk\Codes\FireSense\fire_safe_dashboard

Before we get started, keep in mind:

  * You are initializing within an existing Firebase project directory

[debug] [2026-06-24T18:20:11.916Z] <<< [apiv2][status] GET https://firebase-public.firebaseio.com/cli.json 200
[debug] [2026-06-24T18:20:11.918Z] <<< [apiv2][body] GET https://firebase-public.firebaseio.com/cli.json {"cloudBuildErrorAfter":1594252800000,"cloudBuildWarnAfter":1590019200000,"defaultNode10After":1594252800000,"minVersion":"3.0.5","node8DeploysDisabledAfter":1613390400000,"node8RuntimeDisabledAfter":1615809600000,"node8WarnAfter":1600128000000}
